// Jest Snapshot v1, https://goo.gl/fbAQLP

exports[`renderMonthHeader the returned function should return the correct structure 1`] = `
<div
  className="CalendarMonth_caption"
>
  <strong>
    11ì›” 2018
  </strong>
  <div
    className="DayPicker_weekHeaders"
  >
    <div
      className="DayPicker_weekHeader"
    >
      <ul
        className="DayPicker_weekHeader_ul"
      >
        <li
          className="DayPicker_weekHeader_li"
          key="0"
        >
          <small>
            Su
          </small>
        </li>
        <li
          className="DayPicker_weekHeader_li"
          key="1"
        >
          <small>
            Mo
          </small>
        </li>
        <li
          className="DayPicker_weekHeader_li"
          key="2"
        >
          <small>
            Tu
          </small>
        </li>
        <li
          className="DayPicker_weekHeader_li"
          key="3"
        >
          <small>
            We
          </small>
        </li>
        <li
          className="DayPicker_weekHeader_li"
          key="4"
        >
          <small>
            Th
          </small>
        </li>
        <li
          className="DayPicker_weekHeader_li"
          key="5"
        >
          <small>
            Fr
          </small>
        </li>
        <li
          className="DayPicker_weekHeader_li"
          key="6"
        >
          <small>
            Sa
          </small>
        </li>
      </ul>
    </div>
  </div>
</div>
`;
