// Jest Snapshot v1, https://goo.gl/fbAQLP

exports[`\`getDescription\` should have the right structure 1`] = `
<GridColumn
  computer={7}
  mobile={12}
  tablet={12}
  verticalAlignContent="top"
  width={null}
>
  <Paragraph
    size="medium"
    weight={null}
  >
    lorem upsum dulur sumut
  </Paragraph>
</GridColumn>
`;
