// Jest Snapshot v1, https://goo.gl/fbAQLP

exports[`\`isValueValid\` should return the right value 1`] = `false`;

exports[`\`isValueValid\` should return the right value 2`] = `true`;

exports[`\`isValueValid\` should return the right value 3`] = `true`;
