// Jest Snapshot v1, https://goo.gl/fbAQLP

exports[`getSearchBarModal if \`props.modalSummaryElement\` is passed should return the right structure 1`] = `
<SearchModal
  handleSubmit={[Function]}
  isModalOpen={false}
  modalHeadingText="Hello world"
  modalSummaryElement={<div />}
  onCloseModal={[Function]}
  onInputChange={[Function]}
  searchButton={<div />}
>
  <Modal
    hasCloseIcon={true}
    hasPadding={true}
    hasRoundedCorners={false}
    header={<div />}
    isFullscreen={true}
    isOpen={false}
    onClose={[Function]}
    size="tiny"
    trigger={<div />}
  >
    <Modal
      centered={true}
      className="has-padding"
      closeIcon={
        <Icon
          className={null}
          color={null}
          hasBorder={false}
          isButton={false}
          isCircular={false}
          isColorInverted={false}
          isDisabled={false}
          isLabelLeft={false}
          labelText={null}
          labelWeight={null}
          name="close"
          path={null}
          size={null}
        />
      }
      closeOnDimmerClick={true}
      closeOnDocumentClick={false}
      dimmer="inverted"
      eventPool="Modal"
      onClose={[Function]}
      open={false}
      size="fullscreen"
      trigger={<div />}
    >
      <Portal
        closeOnDocumentClick={false}
        closeOnEscape={true}
        eventPool="Modal"
        mountNode={<body />}
        onClose={[Function]}
        onMount={[Function]}
        onOpen={[Function]}
        onUnmount={[Function]}
        open={false}
        openOnTriggerClick={true}
        trigger={<div />}
      >
        <Ref
          innerRef={[Function]}
        >
          <RefFindNode
            innerRef={[Function]}
          >
            <div
              onBlur={[Function]}
              onClick={[Function]}
              onFocus={[Function]}
              onMouseEnter={[Function]}
              onMouseLeave={[Function]}
            />
          </RefFindNode>
        </Ref>
      </Portal>
    </Modal>
  </Modal>
</SearchModal>
`;

exports[`getSearchBarModal should return the right structure 1`] = `
<SearchModal
  handleSubmit={[Function]}
  isModalOpen={false}
  modalHeadingText="Hello world"
  modalSummaryElement={null}
  onCloseModal={[Function]}
  onInputChange={[Function]}
  searchButton={<div />}
>
  <Modal
    hasCloseIcon={true}
    hasPadding={true}
    hasRoundedCorners={false}
    header={
      <Heading
        className={null}
        hasMargin={true}
        isColorInverted={false}
        size="small"
        textAlign={null}
      >
        Hello world
      </Heading>
    }
    isFullscreen={true}
    isOpen={false}
    onClose={[Function]}
    size="tiny"
    trigger={<div />}
  >
    <Modal
      centered={true}
      className="has-padding"
      closeIcon={
        <Icon
          className={null}
          color={null}
          hasBorder={false}
          isButton={false}
          isCircular={false}
          isColorInverted={false}
          isDisabled={false}
          isLabelLeft={false}
          labelText={null}
          labelWeight={null}
          name="close"
          path={null}
          size={null}
        />
      }
      closeOnDimmerClick={true}
      closeOnDocumentClick={false}
      dimmer="inverted"
      eventPool="Modal"
      onClose={[Function]}
      open={false}
      size="fullscreen"
      trigger={<div />}
    >
      <Portal
        closeOnDocumentClick={false}
        closeOnEscape={true}
        eventPool="Modal"
        mountNode={<body />}
        onClose={[Function]}
        onMount={[Function]}
        onOpen={[Function]}
        onUnmount={[Function]}
        open={false}
        openOnTriggerClick={true}
        trigger={<div />}
      >
        <Ref
          innerRef={[Function]}
        >
          <RefFindNode
            innerRef={[Function]}
          >
            <div
              onBlur={[Function]}
              onClick={[Function]}
              onFocus={[Function]}
              onMouseEnter={[Function]}
              onMouseLeave={[Function]}
            />
          </RefFindNode>
        </Ref>
      </Portal>
    </Modal>
  </Modal>
</SearchModal>
`;
