// Jest Snapshot v1, https://goo.gl/fbAQLP

exports[`\`getLowestCommonDenominator\` should return the right value 1`] = `1`;
