// Jest Snapshot v1, https://goo.gl/fbAQLP

exports[`<Characteristics /> should have the correct structure 1`] = `
<Characteristics
  propertyCharacteristics={
    Array [
      Object {
        "iconName": "users",
        "text": "2 guests",
      },
      Object {
        "iconName": "home",
        "text": "1 bedroom",
      },
      Object {
        "iconName": "single bed",
        "text": "2 beds",
      },
      Object {
        "iconName": "bathroom",
        "text": "1 bathroom",
      },
    ]
  }
  spaceCharacteristics={Array []}
>
  <Grid
    areColumnsCentered={false}
    columns={1}
    isStackable={false}
  >
    <Grid
      centered={false}
      columns={1}
      stackable={false}
    >
      <div
        className="ui one column grid"
      >
        <GridColumn
          verticalAlignContent="top"
          width={12}
        >
          <GridColumn
            verticalAlign="top"
            width={12}
          >
            <div
              className="top aligned twelve wide column"
            >
              <ShowOn
                computer={true}
                mobile={false}
                parent={[Function]}
                parentProps={
                  Object {
                    "horizontal": true,
                  }
                }
                tablet={true}
                widescreen={true}
              >
                <List
                  className="show-on-tablet show-on-computer show-on-widescreen"
                  horizontal={true}
                >
                  <div
                    className="ui horizontal list show-on-tablet show-on-computer show-on-widescreen"
                    role="list"
                  />
                </List>
              </ShowOn>
              <ShowOn
                computer={false}
                mobile={true}
                parent={[Function]}
                parentProps={
                  Object {
                    "columns": 1,
                  }
                }
                tablet={false}
                widescreen={false}
              >
                <Grid
                  areColumnsCentered={false}
                  className="show-on-mobile"
                  columns={1}
                  isStackable={false}
                >
                  <Grid
                    centered={false}
                    className="show-on-mobile"
                    columns={1}
                    stackable={false}
                  >
                    <div
                      className="ui one column grid show-on-mobile"
                    />
                  </Grid>
                </Grid>
              </ShowOn>
            </div>
          </GridColumn>
        </GridColumn>
      </div>
    </Grid>
  </Grid>
</Characteristics>
`;
