// Jest Snapshot v1, https://goo.gl/fbAQLP

exports[`<DateRangePicker /> should render the right structure 1`] = `
<WithResponsive(DateRangePicker)>
  <Responsive
    as={[Function]}
    isUserOnMobile={false}
    onUpdate={[Function]}
    windowInnerWidth={1024}
  >
    <DateRangePicker
      displayFormat="DD/MM/YYYY"
      endDatePlaceholderText=""
      error={false}
      getIsDayBlocked={[Function]}
      isUserOnMobile={false}
      isValid={false}
      localeCode="en"
      name=""
      onBlur={[Function]}
      onChange={[Function]}
      startDatePlaceholderText=""
      willOpenAbove={false}
      windowInnerWidth={1024}
    >
      <InputController
        adaptOnChangeEvent={[Function]}
        error={false}
        icon={null}
        inputOnChangeFunctionName="onDatesChange"
        isFocused={false}
        isValid={false}
        label={null}
        mapValueToProps={[Function]}
        name=""
        onChange={[Function]}
      >
        <Input
          className=""
          iconPosition={null}
          type="text"
        >
          <div
            className="ui input"
          >
            <DateRangePicker
              customArrowIcon={
                <Icon
                  color={null}
                  hasBorder={false}
                  isButton={false}
                  isCircular={false}
                  isColorInverted={false}
                  isDisabled={false}
                  isLabelLeft={false}
                  labelText={null}
                  labelWeight={null}
                  name="arrow right"
                  path={null}
                  size={null}
                />
              }
              customInputIcon={
                <Icon
                  color={null}
                  hasBorder={false}
                  isButton={false}
                  isCircular={false}
                  isColorInverted={false}
                  isDisabled={false}
                  isLabelLeft={false}
                  labelText={null}
                  labelWeight={null}
                  name="calendar"
                  path={null}
                  size={null}
                />
              }
              daySize={52}
              displayFormat="DD/MM/YYYY"
              endDate={null}
              endDateId="end_date_id_3"
              endDatePlaceholderText=""
              focusedInput={null}
              hideKeyboardShortcutsPanel={true}
              isDayBlocked={[Function]}
              key=".2"
              navNext={
                <Icon
                  color={null}
                  hasBorder={false}
                  isButton={false}
                  isCircular={false}
                  isColorInverted={false}
                  isDisabled={false}
                  isLabelLeft={false}
                  labelText={null}
                  labelWeight={null}
                  name="arrow right"
                  path={null}
                  size={null}
                />
              }
              navPrev={
                <Icon
                  color={null}
                  hasBorder={false}
                  isButton={false}
                  isCircular={false}
                  isColorInverted={false}
                  isDisabled={false}
                  isLabelLeft={false}
                  labelText={null}
                  labelWeight={null}
                  name="arrow left"
                  path={null}
                  size={null}
                />
              }
              onDatesChange={[Function]}
              onFocusChange={[Function]}
              openDirection="down"
              startDate={null}
              startDateId="start_date_id_4"
              startDatePlaceholderText=""
              withPortal={false}
            >
              <div />
            </DateRangePicker>
          </div>
        </Input>
      </InputController>
    </DateRangePicker>
  </Responsive>
</WithResponsive(DateRangePicker)>
`;
