// Jest Snapshot v1, https://goo.gl/fbAQLP

exports[`GoogleMapMarker should render the right structure 1`] = `
<img
  src="some imageSrc"
  style={
    Object {
      "transform": "some transform",
    }
  }
/>
`;
